
> reactprojects@0.1.0 start
> react-scripts start

(node:11880) [DEP0176] DeprecationWarning: fs.F_OK is deprecated, use fs.constants.F_OK instead
(Use `node --trace-deprecation ...` to show where the warning was created)
Browserslist: caniuse-lite is outdated. Please run:
  npx update-browserslist-db@latest
  Why you should do it regularly: https://github.com/browserslist/update-db#readme
(node:11880) [DEP_WEBPACK_DEV_SERVER_ON_AFTER_SETUP_MIDDLEWARE] DeprecationWarning: 'onAfterSetupMiddleware' option is deprecated. Please use the 'setupMiddlewares' option.
(node:11880) [DEP_WEBPACK_DEV_SERVER_ON_BEFORE_SETUP_MIDDLEWARE] DeprecationWarning: 'onBeforeSetupMiddleware' option is deprecated. Please use the 'setupMiddlewares' option.
Starting the development server...

Compiled with warnings.

[eslint] 
src\Components\Detail.js
  Line 12:21:  'id' is assigned a value but never used  no-unused-vars

src\Components\ExerciseCard.js
  Line 7:30:  'error' is assigned a value but never used  no-unused-vars

src\Components\ExerciseVideos.js
  Line 18:10:  Unexpected whitespace before property map  no-whitespace-before-property

src\Components\Exercises.js
  Line 36:6:  React Hook useEffect has a missing dependency: 'setExercise'. Either include it or remove the dependency array. If 'setExercise' changes too often, find the parent component that defines it and wrap that definition in useCallback  react-hooks/exhaustive-deps

src\Components\HeroBanner.js
  Line 2:14:  'Stack' is defined but never used  no-unused-vars

Search for the keywords to learn more about each warning.
To ignore, add // eslint-disable-next-line to the line before.

[1m[33mWARNING[39m[22m in [1m[eslint] 
src\Components\Detail.js
  Line 12:21:  'id' is assigned a value but never used  no-unused-vars

src\Components\ExerciseCard.js
  Line 7:30:  '[1m[31merror[39m[22m[1m' is assigned a value but never used  no-unused-vars

src\Components\ExerciseVideos.js
  Line 18:10:  [1m[31mUnexpected[39m[22m[1m whitespace before property map  no-whitespace-before-property

src\Components\Exercises.js
  Line 36:6:  React Hook useEffect has a missing dependency: 'setExercise'. Either include it or remove the dependency array. If 'setExercise' changes too often, find the parent component that defines it and wrap that definition in useCallback  react-hooks/exhaustive-deps

src\Components\HeroBanner.js
  Line 2:14:  'Stack' is defined but never used  no-unused-vars

[39m[22m

webpack compiled with [1m[33m1 warning[39m[22m
Compiling...
Compiled with warnings.

[eslint] 
src\Components\ExerciseCard.js
  Line 7:30:  'error' is assigned a value but never used  no-unused-vars

src\Components\ExerciseVideos.js
  Line 18:10:  Unexpected whitespace before property map  no-whitespace-before-property

src\Components\Exercises.js
  Line 36:6:  React Hook useEffect has a missing dependency: 'setExercise'. Either include it or remove the dependency array. If 'setExercise' changes too often, find the parent component that defines it and wrap that definition in useCallback  react-hooks/exhaustive-deps

src\Components\HeroBanner.js
  Line 2:14:  'Stack' is defined but never used  no-unused-vars

Search for the keywords to learn more about each warning.
To ignore, add // eslint-disable-next-line to the line before.

[1m[33mWARNING[39m[22m in [1m[eslint] 
src\Components\ExerciseCard.js
  Line 7:30:  '[1m[31merror[39m[22m[1m' is assigned a value but never used  no-unused-vars

src\Components\ExerciseVideos.js
  Line 18:10:  [1m[31mUnexpected[39m[22m[1m whitespace before property map  no-whitespace-before-property

src\Components\Exercises.js
  Line 36:6:  React Hook useEffect has a missing dependency: 'setExercise'. Either include it or remove the dependency array. If 'setExercise' changes too often, find the parent component that defines it and wrap that definition in useCallback  react-hooks/exhaustive-deps

src\Components\HeroBanner.js
  Line 2:14:  'Stack' is defined but never used  no-unused-vars

[39m[22m

webpack compiled with [1m[33m1 warning[39m[22m
Compiling...
Compiled with warnings.

[eslint] 
src\Components\ExerciseCard.js
  Line 7:30:  'error' is assigned a value but never used  no-unused-vars

src\Components\ExerciseVideos.js
  Line 18:10:  Unexpected whitespace before property map  no-whitespace-before-property

src\Components\Exercises.js
  Line 36:6:  React Hook useEffect has a missing dependency: 'setExercise'. Either include it or remove the dependency array. If 'setExercise' changes too often, find the parent component that defines it and wrap that definition in useCallback  react-hooks/exhaustive-deps

src\Components\HeroBanner.js
  Line 2:14:  'Stack' is defined but never used  no-unused-vars

src\Components\SimilarExercises.js
  Line 2:15:  'Stack' is defined but never used                     no-unused-vars
  Line 30:9:  'uniqueExercises' is assigned a value but never used  no-unused-vars

Search for the keywords to learn more about each warning.
To ignore, add // eslint-disable-next-line to the line before.

[1m[33mWARNING[39m[22m in [1m[eslint] 
src\Components\ExerciseCard.js
  Line 7:30:  '[1m[31merror[39m[22m[1m' is assigned a value but never used  no-unused-vars

src\Components\ExerciseVideos.js
  Line 18:10:  [1m[31mUnexpected[39m[22m[1m whitespace before property map  no-whitespace-before-property

src\Components\Exercises.js
  Line 36:6:  React Hook useEffect has a missing dependency: 'setExercise'. Either include it or remove the dependency array. If 'setExercise' changes too often, find the parent component that defines it and wrap that definition in useCallback  react-hooks/exhaustive-deps

src\Components\HeroBanner.js
  Line 2:14:  'Stack' is defined but never used  no-unused-vars

src\Components\SimilarExercises.js
  Line 2:15:  'Stack' is defined but never used                     no-unused-vars
  Line 30:9:  'uniqueExercises' is assigned a value but never used  no-unused-vars

[39m[22m

webpack compiled with [1m[33m1 warning[39m[22m
Compiling...
Compiled with warnings.

[eslint] 
src\Components\ExerciseCard.js
  Line 7:30:  'error' is assigned a value but never used  no-unused-vars

src\Components\ExerciseVideos.js
  Line 18:10:  Unexpected whitespace before property map  no-whitespace-before-property

src\Components\Exercises.js
  Line 36:6:  React Hook useEffect has a missing dependency: 'setExercise'. Either include it or remove the dependency array. If 'setExercise' changes too often, find the parent component that defines it and wrap that definition in useCallback  react-hooks/exhaustive-deps

src\Components\HeroBanner.js
  Line 2:14:  'Stack' is defined but never used  no-unused-vars

src\Components\SimilarExercises.js
  Line 2:15:  'Stack' is defined but never used                     no-unused-vars
  Line 30:9:  'uniqueExercises' is assigned a value but never used  no-unused-vars

Search for the keywords to learn more about each warning.
To ignore, add // eslint-disable-next-line to the line before.

[1m[33mWARNING[39m[22m in [1m[eslint] 
src\Components\ExerciseCard.js
  Line 7:30:  '[1m[31merror[39m[22m[1m' is assigned a value but never used  no-unused-vars

src\Components\ExerciseVideos.js
  Line 18:10:  [1m[31mUnexpected[39m[22m[1m whitespace before property map  no-whitespace-before-property

src\Components\Exercises.js
  Line 36:6:  React Hook useEffect has a missing dependency: 'setExercise'. Either include it or remove the dependency array. If 'setExercise' changes too often, find the parent component that defines it and wrap that definition in useCallback  react-hooks/exhaustive-deps

src\Components\HeroBanner.js
  Line 2:14:  'Stack' is defined but never used  no-unused-vars

src\Components\SimilarExercises.js
  Line 2:15:  'Stack' is defined but never used                     no-unused-vars
  Line 30:9:  'uniqueExercises' is assigned a value but never used  no-unused-vars

[39m[22m

webpack compiled with [1m[33m1 warning[39m[22m
Compiling...
Compiled with warnings.

[eslint] 
src\Components\ExerciseCard.js
  Line 7:30:  'error' is assigned a value but never used  no-unused-vars

src\Components\ExerciseVideos.js
  Line 18:10:  Unexpected whitespace before property map  no-whitespace-before-property

src\Components\Exercises.js
  Line 36:6:  React Hook useEffect has a missing dependency: 'setExercise'. Either include it or remove the dependency array. If 'setExercise' changes too often, find the parent component that defines it and wrap that definition in useCallback  react-hooks/exhaustive-deps

src\Components\HeroBanner.js
  Line 2:14:  'Stack' is defined but never used  no-unused-vars

src\Components\SimilarExercises.js
  Line 2:15:  'Stack' is defined but never used                     no-unused-vars
  Line 30:9:  'uniqueExercises' is assigned a value but never used  no-unused-vars

Search for the keywords to learn more about each warning.
To ignore, add // eslint-disable-next-line to the line before.

[1m[33mWARNING[39m[22m in [1m[eslint] 
src\Components\ExerciseCard.js
  Line 7:30:  '[1m[31merror[39m[22m[1m' is assigned a value but never used  no-unused-vars

src\Components\ExerciseVideos.js
  Line 18:10:  [1m[31mUnexpected[39m[22m[1m whitespace before property map  no-whitespace-before-property

src\Components\Exercises.js
  Line 36:6:  React Hook useEffect has a missing dependency: 'setExercise'. Either include it or remove the dependency array. If 'setExercise' changes too often, find the parent component that defines it and wrap that definition in useCallback  react-hooks/exhaustive-deps

src\Components\HeroBanner.js
  Line 2:14:  'Stack' is defined but never used  no-unused-vars

src\Components\SimilarExercises.js
  Line 2:15:  'Stack' is defined but never used                     no-unused-vars
  Line 30:9:  'uniqueExercises' is assigned a value but never used  no-unused-vars

[39m[22m

webpack compiled with [1m[33m1 warning[39m[22m
Compiling...
Compiled with warnings.

[eslint] 
src\Components\ExerciseVideos.js
  Line 18:10:  Unexpected whitespace before property map  no-whitespace-before-property

src\Components\Exercises.js
  Line 36:6:  React Hook useEffect has a missing dependency: 'setExercise'. Either include it or remove the dependency array. If 'setExercise' changes too often, find the parent component that defines it and wrap that definition in useCallback  react-hooks/exhaustive-deps

src\Components\HeroBanner.js
  Line 2:14:  'Stack' is defined but never used  no-unused-vars

src\Components\SimilarExercises.js
  Line 2:15:  'Stack' is defined but never used                     no-unused-vars
  Line 30:9:  'uniqueExercises' is assigned a value but never used  no-unused-vars

Search for the keywords to learn more about each warning.
To ignore, add // eslint-disable-next-line to the line before.

[1m[33mWARNING[39m[22m in [1m[eslint] 
src\Components\ExerciseVideos.js
  Line 18:10:  [1m[31mUnexpected[39m[22m[1m whitespace before property map  no-whitespace-before-property

src\Components\Exercises.js
  Line 36:6:  React Hook useEffect has a missing dependency: 'setExercise'. Either include it or remove the dependency array. If 'setExercise' changes too often, find the parent component that defines it and wrap that definition in useCallback  react-hooks/exhaustive-deps

src\Components\HeroBanner.js
  Line 2:14:  'Stack' is defined but never used  no-unused-vars

src\Components\SimilarExercises.js
  Line 2:15:  'Stack' is defined but never used                     no-unused-vars
  Line 30:9:  'uniqueExercises' is assigned a value but never used  no-unused-vars

[39m[22m

webpack compiled with [1m[33m1 warning[39m[22m
Compiling...
Compiled with warnings.

[eslint] 
src\Components\Exercises.js
  Line 36:6:  React Hook useEffect has a missing dependency: 'setExercise'. Either include it or remove the dependency array. If 'setExercise' changes too often, find the parent component that defines it and wrap that definition in useCallback  react-hooks/exhaustive-deps

src\Components\HeroBanner.js
  Line 2:14:  'Stack' is defined but never used  no-unused-vars

src\Components\SimilarExercises.js
  Line 2:15:  'Stack' is defined but never used                     no-unused-vars
  Line 30:9:  'uniqueExercises' is assigned a value but never used  no-unused-vars

Search for the keywords to learn more about each warning.
To ignore, add // eslint-disable-next-line to the line before.

[1m[33mWARNING[39m[22m in [1m[eslint] 
src\Components\Exercises.js
  Line 36:6:  React Hook useEffect has a missing dependency: 'setExercise'. Either include it or remove the dependency array. If 'setExercise' changes too often, find the parent component that defines it and wrap that definition in useCallback  react-hooks/exhaustive-deps

src\Components\HeroBanner.js
  Line 2:14:  'Stack' is defined but never used  no-unused-vars

src\Components\SimilarExercises.js
  Line 2:15:  'Stack' is defined but never used                     no-unused-vars
  Line 30:9:  'uniqueExercises' is assigned a value but never used  no-unused-vars

[39m[22m

webpack compiled with [1m[33m1 warning[39m[22m
Compiling...
Compiled with warnings.

[eslint] 
src\Components\Exercises.js
  Line 36:6:  React Hook useEffect has a missing dependency: 'setExercise'. Either include it or remove the dependency array. If 'setExercise' changes too often, find the parent component that defines it and wrap that definition in useCallback  react-hooks/exhaustive-deps

src\Components\SimilarExercises.js
  Line 2:15:  'Stack' is defined but never used                     no-unused-vars
  Line 30:9:  'uniqueExercises' is assigned a value but never used  no-unused-vars

Search for the keywords to learn more about each warning.
To ignore, add // eslint-disable-next-line to the line before.

[1m[33mWARNING[39m[22m in [1m[eslint] 
src\Components\Exercises.js
  Line 36:6:  React Hook useEffect has a missing dependency: 'setExercise'. Either include it or remove the dependency array. If 'setExercise' changes too often, find the parent component that defines it and wrap that definition in useCallback  react-hooks/exhaustive-deps

src\Components\SimilarExercises.js
  Line 2:15:  'Stack' is defined but never used                     no-unused-vars
  Line 30:9:  'uniqueExercises' is assigned a value but never used  no-unused-vars

[39m[22m

webpack compiled with [1m[33m1 warning[39m[22m
Compiling...
Compiled with warnings.

[eslint] 
src\Components\SimilarExercises.js
  Line 2:15:  'Stack' is defined but never used                     no-unused-vars
  Line 30:9:  'uniqueExercises' is assigned a value but never used  no-unused-vars

Search for the keywords to learn more about each warning.
To ignore, add // eslint-disable-next-line to the line before.

[1m[33mWARNING[39m[22m in [1m[eslint] 
src\Components\SimilarExercises.js
  Line 2:15:  'Stack' is defined but never used                     no-unused-vars
  Line 30:9:  'uniqueExercises' is assigned a value but never used  no-unused-vars

[39m[22m

webpack compiled with [1m[33m1 warning[39m[22m
Compiling...
Compiled with warnings.

[eslint] 
src\Components\Detail.js
  Line 12:21:  'id' is assigned a value but never used  no-unused-vars

src\Components\SimilarExercises.js
  Line 2:15:  'Stack' is defined but never used                     no-unused-vars
  Line 30:9:  'uniqueExercises' is assigned a value but never used  no-unused-vars

Search for the keywords to learn more about each warning.
To ignore, add // eslint-disable-next-line to the line before.

[1m[33mWARNING[39m[22m in [1m[eslint] 
src\Components\Detail.js
  Line 12:21:  'id' is assigned a value but never used  no-unused-vars

src\Components\SimilarExercises.js
  Line 2:15:  'Stack' is defined but never used                     no-unused-vars
  Line 30:9:  'uniqueExercises' is assigned a value but never used  no-unused-vars

[39m[22m

webpack compiled with [1m[33m1 warning[39m[22m
